------------------------------------------------------------
Timing Analyzer Summary
------------------------------------------------------------

Type  : Slow 1100mV 85C Model Setup 'pll_33_MHz|cv_pll_inst|altera_pll_i|general[0].gpll~PLL_OUTPUT_COUNTER|divclk'
Slack : -0.005
TNS   : -0.005

Type  : Slow 1100mV 85C Model Setup 'TCK'
Slack : 1.625
TNS   : 0.000

Type  : Slow 1100mV 85C Model Setup 'altera_reserved_tck'
Slack : 5.482
TNS   : 0.000

Type  : Slow 1100mV 85C Model Hold 'pll_33_MHz|cv_pll_inst|altera_pll_i|general[0].gpll~PLL_OUTPUT_COUNTER|divclk'
Slack : 0.343
TNS   : 0.000

Type  : Slow 1100mV 85C Model Hold 'TCK'
Slack : 0.370
TNS   : 0.000

Type  : Slow 1100mV 85C Model Hold 'altera_reserved_tck'
Slack : 0.507
TNS   : 0.000

Type  : Slow 1100mV 85C Model Recovery 'TCK'
Slack : 2.522
TNS   : 0.000

Type  : Slow 1100mV 85C Model Recovery 'altera_reserved_tck'
Slack : 28.993
TNS   : 0.000

Type  : Slow 1100mV 85C Model Removal 'altera_reserved_tck'
Slack : 0.800
TNS   : 0.000

Type  : Slow 1100mV 85C Model Removal 'TCK'
Slack : 2.313
TNS   : 0.000

Type  : Slow 1100mV 85C Model Minimum Pulse Width 'pll_33_MHz|cv_pll_inst|altera_pll_i|general[0].gpll~FRACTIONAL_PLL|vcoph[0]'
Slack : 1.250
TNS   : 0.000

Type  : Slow 1100mV 85C Model Minimum Pulse Width 'CLOCK_50'
Slack : 9.731
TNS   : 0.000

Type  : Slow 1100mV 85C Model Minimum Pulse Width 'pll_33_MHz|cv_pll_inst|altera_pll_i|general[0].gpll~PLL_OUTPUT_COUNTER|divclk'
Slack : 13.596
TNS   : 0.000

Type  : Slow 1100mV 85C Model Minimum Pulse Width 'altera_reserved_tck'
Slack : 14.773
TNS   : 0.000

Type  : Slow 1100mV 85C Model Minimum Pulse Width 'TCK'
Slack : 48.932
TNS   : 0.000

Type  : Slow 1100mV 0C Model Setup 'pll_33_MHz|cv_pll_inst|altera_pll_i|general[0].gpll~PLL_OUTPUT_COUNTER|divclk'
Slack : 0.252
TNS   : 0.000

Type  : Slow 1100mV 0C Model Setup 'TCK'
Slack : 1.611
TNS   : 0.000

Type  : Slow 1100mV 0C Model Setup 'altera_reserved_tck'
Slack : 5.785
TNS   : 0.000

Type  : Slow 1100mV 0C Model Hold 'pll_33_MHz|cv_pll_inst|altera_pll_i|general[0].gpll~PLL_OUTPUT_COUNTER|divclk'
Slack : 0.250
TNS   : 0.000

Type  : Slow 1100mV 0C Model Hold 'TCK'
Slack : 0.344
TNS   : 0.000

Type  : Slow 1100mV 0C Model Hold 'altera_reserved_tck'
Slack : 0.511
TNS   : 0.000

Type  : Slow 1100mV 0C Model Recovery 'TCK'
Slack : 2.770
TNS   : 0.000

Type  : Slow 1100mV 0C Model Recovery 'altera_reserved_tck'
Slack : 29.135
TNS   : 0.000

Type  : Slow 1100mV 0C Model Removal 'altera_reserved_tck'
Slack : 0.717
TNS   : 0.000

Type  : Slow 1100mV 0C Model Removal 'TCK'
Slack : 2.279
TNS   : 0.000

Type  : Slow 1100mV 0C Model Minimum Pulse Width 'pll_33_MHz|cv_pll_inst|altera_pll_i|general[0].gpll~FRACTIONAL_PLL|vcoph[0]'
Slack : 1.250
TNS   : 0.000

Type  : Slow 1100mV 0C Model Minimum Pulse Width 'CLOCK_50'
Slack : 9.741
TNS   : 0.000

Type  : Slow 1100mV 0C Model Minimum Pulse Width 'pll_33_MHz|cv_pll_inst|altera_pll_i|general[0].gpll~PLL_OUTPUT_COUNTER|divclk'
Slack : 13.556
TNS   : 0.000

Type  : Slow 1100mV 0C Model Minimum Pulse Width 'altera_reserved_tck'
Slack : 14.758
TNS   : 0.000

Type  : Slow 1100mV 0C Model Minimum Pulse Width 'TCK'
Slack : 49.020
TNS   : 0.000

Type  : Fast 1100mV 85C Model Setup 'pll_33_MHz|cv_pll_inst|altera_pll_i|general[0].gpll~PLL_OUTPUT_COUNTER|divclk'
Slack : 2.458
TNS   : 0.000

Type  : Fast 1100mV 85C Model Setup 'TCK'
Slack : 5.249
TNS   : 0.000

Type  : Fast 1100mV 85C Model Setup 'altera_reserved_tck'
Slack : 11.179
TNS   : 0.000

Type  : Fast 1100mV 85C Model Hold 'altera_reserved_tck'
Slack : 0.155
TNS   : 0.000

Type  : Fast 1100mV 85C Model Hold 'pll_33_MHz|cv_pll_inst|altera_pll_i|general[0].gpll~PLL_OUTPUT_COUNTER|divclk'
Slack : 0.178
TNS   : 0.000

Type  : Fast 1100mV 85C Model Hold 'TCK'
Slack : 0.189
TNS   : 0.000

Type  : Fast 1100mV 85C Model Recovery 'TCK'
Slack : 5.730
TNS   : 0.000

Type  : Fast 1100mV 85C Model Recovery 'altera_reserved_tck'
Slack : 30.738
TNS   : 0.000

Type  : Fast 1100mV 85C Model Removal 'altera_reserved_tck'
Slack : 0.312
TNS   : 0.000

Type  : Fast 1100mV 85C Model Removal 'TCK'
Slack : 1.496
TNS   : 0.000

Type  : Fast 1100mV 85C Model Minimum Pulse Width 'pll_33_MHz|cv_pll_inst|altera_pll_i|general[0].gpll~FRACTIONAL_PLL|vcoph[0]'
Slack : 1.250
TNS   : 0.000

Type  : Fast 1100mV 85C Model Minimum Pulse Width 'CLOCK_50'
Slack : 9.336
TNS   : 0.000

Type  : Fast 1100mV 85C Model Minimum Pulse Width 'pll_33_MHz|cv_pll_inst|altera_pll_i|general[0].gpll~PLL_OUTPUT_COUNTER|divclk'
Slack : 13.889
TNS   : 0.000

Type  : Fast 1100mV 85C Model Minimum Pulse Width 'altera_reserved_tck'
Slack : 14.628
TNS   : 0.000

Type  : Fast 1100mV 85C Model Minimum Pulse Width 'TCK'
Slack : 48.873
TNS   : 0.000

Type  : Fast 1100mV 0C Model Setup 'pll_33_MHz|cv_pll_inst|altera_pll_i|general[0].gpll~PLL_OUTPUT_COUNTER|divclk'
Slack : 2.678
TNS   : 0.000

Type  : Fast 1100mV 0C Model Setup 'TCK'
Slack : 5.673
TNS   : 0.000

Type  : Fast 1100mV 0C Model Setup 'altera_reserved_tck'
Slack : 11.810
TNS   : 0.000

Type  : Fast 1100mV 0C Model Hold 'pll_33_MHz|cv_pll_inst|altera_pll_i|general[0].gpll~PLL_OUTPUT_COUNTER|divclk'
Slack : 0.080
TNS   : 0.000

Type  : Fast 1100mV 0C Model Hold 'altera_reserved_tck'
Slack : 0.141
TNS   : 0.000

Type  : Fast 1100mV 0C Model Hold 'TCK'
Slack : 0.176
TNS   : 0.000

Type  : Fast 1100mV 0C Model Recovery 'TCK'
Slack : 6.126
TNS   : 0.000

Type  : Fast 1100mV 0C Model Recovery 'altera_reserved_tck'
Slack : 31.009
TNS   : 0.000

Type  : Fast 1100mV 0C Model Removal 'altera_reserved_tck'
Slack : 0.246
TNS   : 0.000

Type  : Fast 1100mV 0C Model Removal 'TCK'
Slack : 1.297
TNS   : 0.000

Type  : Fast 1100mV 0C Model Minimum Pulse Width 'pll_33_MHz|cv_pll_inst|altera_pll_i|general[0].gpll~FRACTIONAL_PLL|vcoph[0]'
Slack : 1.250
TNS   : 0.000

Type  : Fast 1100mV 0C Model Minimum Pulse Width 'CLOCK_50'
Slack : 9.286
TNS   : 0.000

Type  : Fast 1100mV 0C Model Minimum Pulse Width 'pll_33_MHz|cv_pll_inst|altera_pll_i|general[0].gpll~PLL_OUTPUT_COUNTER|divclk'
Slack : 13.890
TNS   : 0.000

Type  : Fast 1100mV 0C Model Minimum Pulse Width 'altera_reserved_tck'
Slack : 14.636
TNS   : 0.000

Type  : Fast 1100mV 0C Model Minimum Pulse Width 'TCK'
Slack : 48.861
TNS   : 0.000

------------------------------------------------------------
